Ultimate AI Platform - Test Execution Logs
Contributor: iyeanur6-cyber
